{"level":30,"time":1740059779489,"pid":17952,"hostname":"§","msg":"Started refreshing 5 application (/) commands."}
{"level":30,"time":1740059779993,"pid":17952,"hostname":"§","msg":"Successfully reloaded 5 application (/) commands with provided guild."}
{"level":30,"time":1740059780338,"pid":17952,"hostname":"§","msg":"Ready! Logged in as Crumbot#5522"}
{"level":30,"time":1740060839941,"pid":17952,"hostname":"§","msg":"_baget reloaded 'create'"}
{"level":30,"time":1740061098506,"pid":17952,"hostname":"§","msg":"_baget reloaded 'create'"}
{"level":30,"time":1740061109408,"pid":14408,"hostname":"§","msg":"Started refreshing 5 application (/) commands."}
{"level":30,"time":1740061109890,"pid":14408,"hostname":"§","msg":"Successfully reloaded 5 application (/) commands with provided guild."}
{"level":30,"time":1740061110275,"pid":14408,"hostname":"§","msg":"Ready! Logged in as Crumbot#5522"}
{"level":30,"time":1740062706421,"pid":14408,"hostname":"§","msg":"_baget reloaded 'create'"}
{"level":30,"time":1740063068769,"pid":14408,"hostname":"§","msg":"_baget reloaded 'create'"}
{"level":30,"time":1740063451541,"pid":9164,"hostname":"§","msg":"Started refreshing 5 application (/) commands."}
{"level":30,"time":1740063451977,"pid":9164,"hostname":"§","msg":"Successfully reloaded 5 application (/) commands with provided guild."}
{"level":30,"time":1740063452415,"pid":9164,"hostname":"§","msg":"Ready! Logged in as Crumbot#5522"}
{"level":30,"time":1740063477494,"pid":18424,"hostname":"§","msg":"Started refreshing 5 application (/) commands."}
{"level":30,"time":1740063477952,"pid":18424,"hostname":"§","msg":"Successfully reloaded 5 application (/) commands with provided guild."}
{"level":30,"time":1740063478309,"pid":18424,"hostname":"§","msg":"Ready! Logged in as Crumbot#5522"}
{"level":30,"time":1740063494880,"pid":16588,"hostname":"§","msg":"Started refreshing 5 application (/) commands."}
{"level":30,"time":1740063495391,"pid":16588,"hostname":"§","msg":"Successfully reloaded 5 application (/) commands with provided guild."}
{"level":30,"time":1740063495877,"pid":16588,"hostname":"§","msg":"Ready! Logged in as Crumbot#5522"}
{"level":30,"time":1740063528380,"pid":452,"hostname":"§","msg":"Started refreshing 5 application (/) commands."}
{"level":30,"time":1740063528877,"pid":452,"hostname":"§","msg":"Successfully reloaded 5 application (/) commands with provided guild."}
{"level":30,"time":1740063529225,"pid":452,"hostname":"§","msg":"Ready! Logged in as Crumbot#5522"}
{"level":30,"time":1740063532773,"pid":452,"hostname":"§","msg":"_baget reloaded 'create'"}
{"level":30,"time":1740064168075,"pid":452,"hostname":"§","msg":"_baget reloaded 'create'"}
{"level":30,"time":1740064256961,"pid":452,"hostname":"§","msg":"Console reloaded 'create'"}
{"level":30,"time":1740064300810,"pid":3832,"hostname":"§","msg":"Started refreshing 5 application (/) commands."}
{"level":30,"time":1740064301282,"pid":3832,"hostname":"§","msg":"Successfully reloaded 5 application (/) commands with provided guild."}
{"level":30,"time":1740064301641,"pid":3832,"hostname":"§","msg":"Ready! Logged in as Crumbot#5522"}
{"level":30,"time":1740064344785,"pid":9236,"hostname":"§","msg":"Started refreshing 5 application (/) commands."}
{"level":30,"time":1740064345202,"pid":9236,"hostname":"§","msg":"Successfully reloaded 5 application (/) commands with provided guild."}
{"level":30,"time":1740064345616,"pid":9236,"hostname":"§","msg":"Ready! Logged in as Crumbot#5522"}
{"level":30,"time":1740084858260,"pid":14340,"hostname":"§","msg":"Started refreshing 5 application (/) commands."}
{"level":30,"time":1740084858750,"pid":14340,"hostname":"§","msg":"Successfully reloaded 5 application (/) commands with provided guild."}
{"level":30,"time":1740084864527,"pid":14340,"hostname":"§","msg":"Ready! Logged in as Crumbot#5522"}
